
> my-app@0.1.0 build
> next build

  Γû▓ Next.js 14.2.0

   Creating an optimized production build ...
node.exe : Failed to 
compile.
At line:1 char:1
+ & "C:\Program 
Files\nodejs/node.exe" 
"C:\Program 
Files\nodejs/node_mo ...
+ ~~~~~~~~~~~~~~~~~~~~~~
~~~~~~~~~~~~~~~~~~~~~~~~
~~~~~~~~~~~~~~~~~~~~~~~
    + CategoryInfo      
        : NotSpecified: 
(Faile    d to 
compile.:String) [    
], RemoteException
    + 
FullyQualifiedErrorId   
  : NativeCommandError
 

./node_modules/leaflet/d
ist/leaflet.css.webpack[
javascript/auto]!=!./nod
e_modules/next/dist/buil
d/webpack/loaders/css-lo
ader/src/index.js??ruleS
et[1].rules[13].oneOf[12
].use[2]!./node_modules/
next/dist/build/webpack/
loaders/postcss-loader/s
rc/index.js??ruleSet[1].
rules[13].oneOf[12].use[
3]!./node_modules/leafle
t/dist/leaflet.css
Error [ERR_UNSUPPORTED_E
SM_URL_SCHEME]: Only 
URLs with a scheme in: 
file, data, and node 
are supported by the 
default ESM loader. On 
Windows, absolute paths 
must be valid file:// 
URLs. Received protocol 
'd:'
    at throwIfUnsupporte
dURLScheme (node:interna
l/modules/esm/load:195:1
1)
    at defaultLoadSync (
node:internal/modules/es
m/load:142:3)
    at #loadAndMaybeBloc
kOnLoaderThread (node:in
ternal/modules/esm/loade
r:790:12)
    at #loadSync (node:i
nternal/modules/esm/load
er:810:49)
    at 
ModuleLoader.load (node:
internal/modules/esm/loa
der:775:26)
    at ModuleLoader.load
AndTranslate (node:inter
nal/modules/esm/loader:5
20:31)
    at #getOrCreateModul
eJobAfterResolve (node:i
nternal/modules/esm/load
er:571:36)
    at afterResolve (nod
e:internal/modules/esm/l
oader:619:52)
    at ModuleLoader.getO
rCreateModuleJob (node:i
nternal/modules/esm/load
er:625:12)
    at onImport.tracePro
mise.__proto__ (node:int
ernal/modules/esm/loader
:644:32)

Import trace for 
requested module:
./node_modules/leaflet/d
ist/leaflet.css.webpack[
javascript/auto]!=!./nod
e_modules/next/dist/buil
d/webpack/loaders/css-lo
ader/src/index.js??ruleS
et[1].rules[13].oneOf[12
].use[2]!./node_modules/
next/dist/build/webpack/
loaders/postcss-loader/s
rc/index.js??ruleSet[1].
rules[13].oneOf[12].use[
3]!./node_modules/leafle
t/dist/leaflet.css
./node_modules/leaflet/d
ist/leaflet.css
./src/components/shared/
MapClient.tsx

./src/app/globals.css.we
bpack[javascript/auto]!=
!./node_modules/next/dis
t/build/webpack/loaders/
css-loader/src/index.js?
?ruleSet[1].rules[13].on
eOf[12].use[2]!./node_mo
dules/next/dist/build/we
bpack/loaders/postcss-lo
ader/src/index.js??ruleS
et[1].rules[13].oneOf[12
].use[3]!./src/app/globa
ls.css
Error [ERR_UNSUPPORTED_E
SM_URL_SCHEME]: Only 
URLs with a scheme in: 
file, data, and node 
are supported by the 
default ESM loader. On 
Windows, absolute paths 
must be valid file:// 
URLs. Received protocol 
'd:'
    at throwIfUnsupporte
dURLScheme (node:interna
l/modules/esm/load:195:1
1)
    at defaultLoadSync (
node:internal/modules/es
m/load:142:3)
    at #loadAndMaybeBloc
kOnLoaderThread (node:in
ternal/modules/esm/loade
r:790:12)
    at #loadSync (node:i
nternal/modules/esm/load
er:810:49)
    at 
ModuleLoader.load (node:
internal/modules/esm/loa
der:775:26)
    at ModuleLoader.load
AndTranslate (node:inter
nal/modules/esm/loader:5
20:31)
    at #getOrCreateModul
eJobAfterResolve (node:i
nternal/modules/esm/load
er:571:36)
    at afterResolve (nod
e:internal/modules/esm/l
oader:619:52)
    at ModuleLoader.getO
rCreateModuleJob (node:i
nternal/modules/esm/load
er:625:12)
    at onImport.tracePro
mise.__proto__ (node:int
ernal/modules/esm/loader
:644:32)

Import trace for 
requested module:
./src/app/globals.css.we
bpack[javascript/auto]!=
!./node_modules/next/dis
t/build/webpack/loaders/
css-loader/src/index.js?
?ruleSet[1].rules[13].on
eOf[12].use[2]!./node_mo
dules/next/dist/build/we
bpack/loaders/postcss-lo
ader/src/index.js??ruleS
et[1].rules[13].oneOf[12
].use[3]!./src/app/globa
ls.css
./src/app/globals.css

./node_modules/leaflet/d
ist/leaflet.css
Error [ERR_UNSUPPORTED_E
SM_URL_SCHEME]: Only 
URLs with a scheme in: 
file, data, and node 
are supported by the 
default ESM loader. On 
Windows, absolute paths 
must be valid file:// 
URLs. Received protocol 
'd:'
    at throwIfUnsupporte
dURLScheme (node:interna
l/modules/esm/load:195:1
1)
    at defaultLoadSync (
node:internal/modules/es
m/load:142:3)
    at #loadAndMaybeBloc
kOnLoaderThread (node:in
ternal/modules/esm/loade
r:790:12)
    at #loadSync (node:i
nternal/modules/esm/load
er:810:49)
    at 
ModuleLoader.load (node:
internal/modules/esm/loa
der:775:26)
    at ModuleLoader.load
AndTranslate (node:inter
nal/modules/esm/loader:5
20:31)
    at #getOrCreateModul
eJobAfterResolve (node:i
nternal/modules/esm/load
er:571:36)
    at afterResolve (nod
e:internal/modules/esm/l
oader:619:52)
    at ModuleLoader.getO
rCreateModuleJob (node:i
nternal/modules/esm/load
er:625:12)
    at onImport.tracePro
mise.__proto__ (node:int
ernal/modules/esm/loader
:644:32)
    at 
tryRunOrWebpackError (D:
\xampp\htdocs\Practicing
\Real Estate\node_module
s\next\dist\compiled\web
pack\bundle5.js:28:31298
9)
    at __webpack_require
_module__ (D:\xampp\htdo
cs\Practicing\Real Estat
e\node_modules\next\dist
\compiled\webpack\bundle
5.js:28:131165)
    at __nested_webpack_
require_153728__ (D:\xam
pp\htdocs\Practicing\Rea
l Estate\node_modules\ne
xt\dist\compiled\webpack
\bundle5.js:28:130607)
    at D:\xampp\htdocs\P
racticing\Real Estate\no
de_modules\next\dist\com
piled\webpack\bundle5.js
:28:131454
    at symbolIterator (D
:\xampp\htdocs\Practicin
g\Real Estate\node_modul
es\next\dist\compiled\ne
o-async\async.js:1:14444
)
    at done (D:\xampp\ht
docs\Practicing\Real Est
ate\node_modules\next\di
st\compiled\neo-async\as
ync.js:1:14824)
    at Hook.eval [as 
callAsync] (eval at 
create (D:\xampp\htdocs\
Practicing\Real Estate\n
ode_modules\next\dist\co
mpiled\webpack\bundle5.j
s:13:28858), 
<anonymous>:15:1)
    at D:\xampp\htdocs\P
racticing\Real Estate\no
de_modules\next\dist\com
piled\webpack\bundle5.js
:28:130328
    at symbolIterator (D
:\xampp\htdocs\Practicin
g\Real Estate\node_modul
es\next\dist\compiled\ne
o-async\async.js:1:14402
)
    at timesSync (D:\xam
pp\htdocs\Practicing\Rea
l Estate\node_modules\ne
xt\dist\compiled\neo-asy
nc\async.js:1:5027)
-- inner error --
Error [ERR_UNSUPPORTED_E
SM_URL_SCHEME]: Only 
URLs with a scheme in: 
file, data, and node 
are supported by the 
default ESM loader. On 
Windows, absolute paths 
must be valid file:// 
URLs. Received protocol 
'd:'
    at throwIfUnsupporte
dURLScheme (node:interna
l/modules/esm/load:195:1
1)
    at defaultLoadSync (
node:internal/modules/es
m/load:142:3)
    at #loadAndMaybeBloc
kOnLoaderThread (node:in
ternal/modules/esm/loade
r:790:12)
    at #loadSync (node:i
nternal/modules/esm/load
er:810:49)
    at 
ModuleLoader.load (node:
internal/modules/esm/loa
der:775:26)
    at ModuleLoader.load
AndTranslate (node:inter
nal/modules/esm/loader:5
20:31)
    at #getOrCreateModul
eJobAfterResolve (node:i
nternal/modules/esm/load
er:571:36)
    at afterResolve (nod
e:internal/modules/esm/l
oader:619:52)
    at ModuleLoader.getO
rCreateModuleJob (node:i
nternal/modules/esm/load
er:625:12)
    at onImport.tracePro
mise.__proto__ (node:int
ernal/modules/esm/loader
:644:32)
    at 
Object.<anonymous> (D:\x
ampp\htdocs\Practicing\R
eal Estate\node_modules\
next\dist\build\webpack\
loaders\css-loader\src\i
ndex.js??ruleSet[1].rule
s[13].oneOf[12].use[2]!D
:\xampp\htdocs\Practicin
g\Real Estate\node_modul
es\next\dist\build\webpa
ck\loaders\postcss-loade
r\src\index.js??ruleSet[
1].rules[13].oneOf[12].u
se[3]!D:\xampp\htdocs\Pr
acticing\Real Estate\nod
e_modules\leaflet\dist\l
eaflet.css:1:7)
    at D:\xampp\htdocs\P
racticing\Real Estate\no
de_modules\next\dist\com
piled\webpack\bundle5.js
:28:922493
    at Hook.eval [as 
call] (eval at create (D
:\xampp\htdocs\Practicin
g\Real Estate\node_modul
es\next\dist\compiled\we
bpack\bundle5.js:13:2863
6), <anonymous>:7:1)
    at D:\xampp\htdocs\P
racticing\Real Estate\no
de_modules\next\dist\com
piled\webpack\bundle5.js
:28:131198
    at 
tryRunOrWebpackError (D:
\xampp\htdocs\Practicing
\Real Estate\node_module
s\next\dist\compiled\web
pack\bundle5.js:28:31294
3)
    at __webpack_require
_module__ (D:\xampp\htdo
cs\Practicing\Real Estat
e\node_modules\next\dist
\compiled\webpack\bundle
5.js:28:131165)
    at __nested_webpack_
require_153728__ (D:\xam
pp\htdocs\Practicing\Rea
l Estate\node_modules\ne
xt\dist\compiled\webpack
\bundle5.js:28:130607)
    at D:\xampp\htdocs\P
racticing\Real Estate\no
de_modules\next\dist\com
piled\webpack\bundle5.js
:28:131454
    at symbolIterator (D
:\xampp\htdocs\Practicin
g\Real Estate\node_modul
es\next\dist\compiled\ne
o-async\async.js:1:14444
)
    at done (D:\xampp\ht
docs\Practicing\Real Est
ate\node_modules\next\di
st\compiled\neo-async\as
ync.js:1:14824)

Generated code for D:\xa
mpp\htdocs\Practicing\Re
al Estate\node_modules\n
ext\dist\build\webpack\l
oaders\css-loader\src\in
dex.js??ruleSet[1].rules
[13].oneOf[12].use[2]!D:
\xampp\htdocs\Practicing
\Real Estate\node_module
s\next\dist\build\webpac
k\loaders\postcss-loader
\src\index.js??ruleSet[1
].rules[13].oneOf[12].us
e[3]!D:\xampp\htdocs\Pra
cticing\Real Estate\node
_modules\leaflet\dist\le
aflet.css

Import trace for 
requested module:
./node_modules/leaflet/d
ist/leaflet.css
./src/components/shared/
MapClient.tsx

./src/app/globals.css
Error [ERR_UNSUPPORTED_E
SM_URL_SCHEME]: Only 
URLs with a scheme in: 
file, data, and node 
are supported by the 
default ESM loader. On 
Windows, absolute paths 
must be valid file:// 
URLs. Received protocol 
'd:'
    at throwIfUnsupporte
dURLScheme (node:interna
l/modules/esm/load:195:1
1)
    at defaultLoadSync (
node:internal/modules/es
m/load:142:3)
    at #loadAndMaybeBloc
kOnLoaderThread (node:in
ternal/modules/esm/loade
r:790:12)
    at #loadSync (node:i
nternal/modules/esm/load
er:810:49)
    at 
ModuleLoader.load (node:
internal/modules/esm/loa
der:775:26)
    at ModuleLoader.load
AndTranslate (node:inter
nal/modules/esm/loader:5
20:31)
    at #getOrCreateModul
eJobAfterResolve (node:i
nternal/modules/esm/load
er:571:36)
    at afterResolve (nod
e:internal/modules/esm/l
oader:619:52)
    at ModuleLoader.getO
rCreateModuleJob (node:i
nternal/modules/esm/load
er:625:12)
    at onImport.tracePro
mise.__proto__ (node:int
ernal/modules/esm/loader
:644:32)
    at 
tryRunOrWebpackError (D:
\xampp\htdocs\Practicing
\Real Estate\node_module
s\next\dist\compiled\web
pack\bundle5.js:28:31298
9)
    at __webpack_require
_module__ (D:\xampp\htdo
cs\Practicing\Real Estat
e\node_modules\next\dist
\compiled\webpack\bundle
5.js:28:131165)
    at __nested_webpack_
require_153728__ (D:\xam
pp\htdocs\Practicing\Rea
l Estate\node_modules\ne
xt\dist\compiled\webpack
\bundle5.js:28:130607)
    at D:\xampp\htdocs\P
racticing\Real Estate\no
de_modules\next\dist\com
piled\webpack\bundle5.js
:28:131454
    at symbolIterator (D
:\xampp\htdocs\Practicin
g\Real Estate\node_modul
es\next\dist\compiled\ne
o-async\async.js:1:14444
)
    at done (D:\xampp\ht
docs\Practicing\Real Est
ate\node_modules\next\di
st\compiled\neo-async\as
ync.js:1:14824)
    at Hook.eval [as 
callAsync] (eval at 
create (D:\xampp\htdocs\
Practicing\Real Estate\n
ode_modules\next\dist\co
mpiled\webpack\bundle5.j
s:13:28858), 
<anonymous>:15:1)
    at Hook.CALL_ASYNC_D
ELEGATE [as _callAsync] 
(D:\xampp\htdocs\Practic
ing\Real Estate\node_mod
ules\next\dist\compiled\
webpack\bundle5.js:13:26
012)
    at D:\xampp\htdocs\P
racticing\Real Estate\no
de_modules\next\dist\com
piled\webpack\bundle5.js
:28:130328
    at symbolIterator (D
:\xampp\htdocs\Practicin
g\Real Estate\node_modul
es\next\dist\compiled\ne
o-async\async.js:1:14402
)
-- inner error --
Error [ERR_UNSUPPORTED_E
SM_URL_SCHEME]: Only 
URLs with a scheme in: 
file, data, and node 
are supported by the 
default ESM loader. On 
Windows, absolute paths 
must be valid file:// 
URLs. Received protocol 
'd:'
    at throwIfUnsupporte
dURLScheme (node:interna
l/modules/esm/load:195:1
1)
    at defaultLoadSync (
node:internal/modules/es
m/load:142:3)
    at #loadAndMaybeBloc
kOnLoaderThread (node:in
ternal/modules/esm/loade
r:790:12)
    at #loadSync (node:i
nternal/modules/esm/load
er:810:49)
    at 
ModuleLoader.load (node:
internal/modules/esm/loa
der:775:26)
    at ModuleLoader.load
AndTranslate (node:inter
nal/modules/esm/loader:5
20:31)
    at #getOrCreateModul
eJobAfterResolve (node:i
nternal/modules/esm/load
er:571:36)
    at afterResolve (nod
e:internal/modules/esm/l
oader:619:52)
    at ModuleLoader.getO
rCreateModuleJob (node:i
nternal/modules/esm/load
er:625:12)
    at onImport.tracePro
mise.__proto__ (node:int
ernal/modules/esm/loader
:644:32)
    at 
Object.<anonymous> (D:\x
ampp\htdocs\Practicing\R
eal Estate\node_modules\
next\dist\build\webpack\
loaders\css-loader\src\i
ndex.js??ruleSet[1].rule
s[13].oneOf[12].use[2]!D
:\xampp\htdocs\Practicin
g\Real Estate\node_modul
es\next\dist\build\webpa
ck\loaders\postcss-loade
r\src\index.js??ruleSet[
1].rules[13].oneOf[12].u
se[3]!D:\xampp\htdocs\Pr
acticing\Real Estate\src
\app\globals.css:1:7)
    at D:\xampp\htdocs\P
racticing\Real Estate\no
de_modules\next\dist\com
piled\webpack\bundle5.js
:28:922493
    at Hook.eval [as 
call] (eval at create (D
:\xampp\htdocs\Practicin
g\Real Estate\node_modul
es\next\dist\compiled\we
bpack\bundle5.js:13:2863
6), <anonymous>:7:1)
    at 
Hook.CALL_DELEGATE [as 
_call] (D:\xampp\htdocs\
Practicing\Real Estate\n
ode_modules\next\dist\co
mpiled\webpack\bundle5.j
s:13:25906)
    at D:\xampp\htdocs\P
racticing\Real Estate\no
de_modules\next\dist\com
piled\webpack\bundle5.js
:28:131198
    at 
tryRunOrWebpackError (D:
\xampp\htdocs\Practicing
\Real Estate\node_module
s\next\dist\compiled\web
pack\bundle5.js:28:31294
3)
    at __webpack_require
_module__ (D:\xampp\htdo
cs\Practicing\Real Estat
e\node_modules\next\dist
\compiled\webpack\bundle
5.js:28:131165)
    at __nested_webpack_
require_153728__ (D:\xam
pp\htdocs\Practicing\Rea
l Estate\node_modules\ne
xt\dist\compiled\webpack
\bundle5.js:28:130607)
    at D:\xampp\htdocs\P
racticing\Real Estate\no
de_modules\next\dist\com
piled\webpack\bundle5.js
:28:131454
    at symbolIterator (D
:\xampp\htdocs\Practicin
g\Real Estate\node_modul
es\next\dist\compiled\ne
o-async\async.js:1:14444
)

Generated code for D:\xa
mpp\htdocs\Practicing\Re
al Estate\node_modules\n
ext\dist\build\webpack\l
oaders\css-loader\src\in
dex.js??ruleSet[1].rules
[13].oneOf[12].use[2]!D:
\xampp\htdocs\Practicing
\Real Estate\node_module
s\next\dist\build\webpac
k\loaders\postcss-loader
\src\index.js??ruleSet[1
].rules[13].oneOf[12].us
e[3]!D:\xampp\htdocs\Pra
cticing\Real Estate\src\
app\globals.css

Import trace for 
requested module:
./src/app/globals.css


> Build failed because 
of webpack errors
